src/App.tsx(768,66): error TS2322: Type '(page: string, courseId?: string, courseSlug?: string, lessonId?: string) => void' is not assignable to type '(page: string, params?: Partial<NavigationParams> | undefined) => void'.
  Types of parameters 'courseId' and 'params' are incompatible.
    Type 'Partial<NavigationParams> | undefined' is not assignable to type 'string | undefined'.
      Type 'Partial<NavigationParams>' is not assignable to type 'string'.
src/components/AppFooter.tsx(1,20): error TS6133: 'Twitter' is declared but its value is never read.
src/components/AppFooter.tsx(1,40): error TS6133: 'Linkedin' is declared but its value is never read.
src/components/AppFooter.tsx(1,50): error TS6133: 'Youtube' is declared but its value is never read.
src/components/AppNavbar.tsx(1,10): error TS6133: 'Search' is declared but its value is never read.
src/components/AppNavbar.tsx(1,27): error TS6133: 'User' is declared but its value is never read.
src/components/AppNavbar.tsx(63,9): error TS6133: 'registerOpen' is declared but its value is never read.
src/components/AppNavbar.tsx(73,9): error TS6133: 'setRegisterOpen' is declared but its value is never read.
src/components/AppNavbar.tsx(441,51): error TS6133: 'profileError' is declared but its value is never read.
src/components/CacheControl.tsx(12,3): error TS6133: 'clearCache' is declared but its value is never read.
src/components/CacheControl.tsx(13,3): error TS2305: Module '"@/lib/cacheManager"' has no exported member 'checkForNewVersion'.
src/components/CourseForm.tsx(234,7): error TS2322: Type 'number | undefined' is not assignable to type 'number'.
  Type 'undefined' is not assignable to type 'number'.
src/components/MercadoPagoWallet.tsx(2,1): error TS6133: 'toast' is declared but its value is never read.
src/components/MercadoPagoWallet.tsx(3,1): error TS6133: 'supabase' is declared but its value is never read.
src/components/PaymentTestButtons.tsx(2,1): error TS6133: 'Button' is declared but its value is never read.
src/components/TeacherForm.tsx(2,10): error TS6133: 'Plus' is declared but its value is never read.
src/components/TeacherForm.tsx(2,16): error TS6133: 'Trash2' is declared but its value is never read.
src/components/TeacherForm.tsx(2,30): error TS6133: 'ArrowLeft' is declared but its value is never read.
src/components/TeacherForm.tsx(40,17): error TS2345: Argument of type '{ [x: string]: string[] | undefined; }' is not assignable to parameter of type 'SetStateAction<Record<string, string[]>>'.
src/lib/enrollments.ts(133,5): error TS2322: Type '{ id: any; enrolled_at: any; completed: any; completed_at: any; last_accessed_at: any; course: { id: any; title: any; description: any; image: any; duration: any; level: any; certified: any; }[]; }[]' is not assignable to type 'Enrollment[]'.
  Type '{ id: any; enrolled_at: any; completed: any; completed_at: any; last_accessed_at: any; course: { id: any; title: any; description: any; image: any; duration: any; level: any; certified: any; }[]; }' is missing the following properties from type 'Enrollment': user_id, course_id
src/lib/mercadopago.ts(7,26): error TS2304: Cannot find name 'MercadoPago'.
src/lib/mercadopago.ts(12,11): error TS6196: 'MercadoPagoSDK' is declared but never used.
src/lib/paymentSimulator.ts(94,3): error TS6133: 'paymentId' is declared but its value is never read.
src/lib/sendgrid.ts(6,3): error TS6133: 'fromEmail' is declared but its value is never read.
src/lib/sendgrid.ts(7,3): error TS6133: 'fromName' is declared but its value is never read.
src/lib/types.ts(164,3): error TS2687: All declarations of 'created_at' must have identical modifiers.
src/lib/types.ts(165,3): error TS2687: All declarations of 'updated_at' must have identical modifiers.
src/lib/types.ts(211,3): error TS2687: All declarations of 'created_at' must have identical modifiers.
src/lib/types.ts(211,3): error TS2717: Subsequent property declarations must have the same type.  Property 'created_at' must be of type 'string | undefined', but here has type 'string'.
src/lib/types.ts(212,3): error TS2687: All declarations of 'updated_at' must have identical modifiers.
src/lib/types.ts(212,3): error TS2717: Subsequent property declarations must have the same type.  Property 'updated_at' must be of type 'string | undefined', but here has type 'string'.
src/lib/types.ts(220,3): error TS2687: All declarations of 'enrolled_at' must have identical modifiers.
src/lib/types.ts(222,3): error TS2687: All declarations of 'completed' must have identical modifiers.
src/lib/types.ts(324,3): error TS2687: All declarations of 'enrolled_at' must have identical modifiers.
src/lib/types.ts(324,3): error TS2717: Subsequent property declarations must have the same type.  Property 'enrolled_at' must be of type 'string', but here has type 'string | undefined'.
src/lib/types.ts(325,3): error TS2687: All declarations of 'completed' must have identical modifiers.
src/lib/types.ts(325,3): error TS2717: Subsequent property declarations must have the same type.  Property 'completed' must be of type 'boolean', but here has type 'boolean | undefined'.
src/lib/types.ts(327,3): error TS2717: Subsequent property declarations must have the same type.  Property 'last_accessed_at' must be of type 'string | undefined', but here has type 'string | null | undefined'.
src/pages/AdminPanel.tsx(2,21): error TS2307: Cannot find module 'exceljs' or its corresponding type declarations.
src/pages/AdminPanel.tsx(417,44): error TS2367: This comparison appears to be unintentional because the types '"legacy" | "pending" | "rejected" | "cancelled"' and '"completed"' have no overlap.
src/pages/AdminPanel.tsx(825,17): error TS2339: Property 'question_order' does not exist on type 'EvaluationQuestion'.
src/pages/AdminPanel.tsx(828,28): error TS2551: Property 'correct_answer' does not exist on type 'EvaluationQuestion'. Did you mean 'correctAnswer'?
src/pages/AdminPanel.tsx(884,9): error TS6133: 'EXCEL_TOTAL_WIDTH' is declared but its value is never read.
src/pages/AdminPanel.tsx(947,38): error TS7016: Could not find a declaration file for module 'canvg'. 'C:/Users/profe/OneDrive/Escritorio/masi/github/Lmsfudensa/frontend/node_modules/canvg/lib/index.es.js' implicitly has an 'any' type.
  There are types at 'C:/Users/profe/OneDrive/Escritorio/masi/github/Lmsfudensa/frontend/node_modules/canvg/lib/index.d.ts', but this result could not be resolved when respecting package.json "exports". The 'canvg' library may need to update its package.json or typings.
src/pages/AdminPanel.tsx(1016,9): error TS6133: 'blobToDataUrl' is declared but its value is never read.
src/pages/AdminPanel.tsx(1683,38): error TS2367: This comparison appears to be unintentional because the types '"legacy" | "pending" | "rejected" | "cancelled"' and '"completed"' have no overlap.
src/pages/AdminPanel.tsx(1727,85): error TS2367: This comparison appears to be unintentional because the types '"legacy" | "pending" | "rejected" | "cancelled"' and '"completed"' have no overlap.
src/pages/AdminPanel.tsx(1788,36): error TS2367: This comparison appears to be unintentional because the types '"legacy" | "pending" | "rejected" | "cancelled"' and '"completed"' have no overlap.
src/pages/AdminPanel.tsx(2517,59): error TS2345: Argument of type '{ id: string; title: string; slug: string; description: string; fullDescription: string; image: string; category: string; price: number; duration: string; level: string; certified: boolean; students: number | undefined; rating: number; reviews: number; instructorId: string; is_active: boolean; }' is not assignable to parameter of type 'FullCourse'.
  Types of property 'level' are incompatible.
    Type 'string' is not assignable to type '"Básico" | "Intermedio" | "Avanzado"'.
src/pages/AdminPanel.tsx(2531,79): error TS2345: Argument of type '{ id: string; title: string; slug: string; description: string; fullDescription: string; image: string; category: string; price: number; duration: string; level: string; certified: boolean; students: number | undefined; rating: number; reviews: number; instructorId: string; is_active: boolean; }' is not assignable to parameter of type 'FullCourse'.
  Types of property 'level' are incompatible.
    Type 'string' is not assignable to type '"Básico" | "Intermedio" | "Avanzado"'.
src/pages/AdminPanel.tsx(2955,35): error TS2322: Type 'unknown' is not assignable to type 'Key | null | undefined'.
src/pages/AdminPanel.tsx(2965,77): error TS2322: Type '{}' is not assignable to type 'ReactNode'.
src/pages/AdminPanel.tsx(2966,58): error TS2322: Type 'unknown' is not assignable to type 'ReactNode'.
src/pages/AdminPanel.tsx(3413,16): error TS6133: 'generateHash' is declared but its value is never read.
src/pages/Checkout.tsx(2,29): error TS6133: 'Check' is declared but its value is never read.
src/pages/Checkout.tsx(2,63): error TS6133: 'CheckCircle' is declared but its value is never read.
src/pages/Checkout.tsx(6,1): error TS6133: 'Input' is declared but its value is never read.
src/pages/Checkout.tsx(26,26): error TS6133: 'enrollUser' is declared but its value is never read.
src/pages/CourseDetail.tsx(6,1): error TS6133: 'Skeleton' is declared but its value is never read.
src/pages/CourseDetail.tsx(103,47): error TS6133: 'teacherError' is declared but its value is never read.
src/pages/CourseDetail.tsx(207,17): error TS2322: Type 'unknown' is not assignable to type 'ReactNode'.
src/pages/CourseDetail.tsx(209,21): error TS2322: Type '{}' is not assignable to type 'ReactNode'.
src/pages/CourseDetail.tsx(212,17): error TS2322: Type 'unknown' is not assignable to type 'ReactNode'.
src/pages/CourseDetail.tsx(214,21): error TS2322: Type '{}' is not assignable to type 'ReactNode'.
src/pages/CourseDetail.tsx(220,17): error TS2322: Type 'unknown' is not assignable to type 'ReactNode'.
src/pages/CourseDetail.tsx(242,17): error TS2322: Type '{}' is not assignable to type 'string'.
src/pages/CourseDetail.tsx(243,17): error TS2322: Type 'unknown' is not assignable to type 'string | undefined'.
src/pages/CourseDetail.tsx(320,23): error TS2322: Type '{}' is not assignable to type 'ReactNode'.
src/pages/CourseDetail.tsx(335,32): error TS2322: Type 'unknown' is not assignable to type 'Key | null | undefined'.
src/pages/CourseDetail.tsx(340,74): error TS2322: Type 'unknown' is not assignable to type 'ReactNode'.
src/pages/CourseDetail.tsx(341,31): error TS2322: Type 'unknown' is not assignable to type 'ReactNode'.
src/pages/CourseDetail.tsx(342,76): error TS2322: Type '{}' is not assignable to type 'ReactNode'.
src/pages/CourseDetail.tsx(365,27): error TS2322: Type '{}' is not assignable to type 'ReactNode'.
src/pages/CourseDetail.tsx(369,33): error TS2322: Type '{}' is not assignable to type 'ReactNode'.
src/pages/Evaluation.tsx(301,24): error TS18046: 'error' is of type 'unknown'.
src/pages/Home.tsx(5,1): error TS6192: All imports in import declaration are unused.
src/pages/LessonPlayer.tsx(2,63): error TS6133: 'Youtube' is declared but its value is never read.
src/pages/LessonPlayer.tsx(35,10): error TS6133: 'completedLessons' is declared but its value is never read.
src/pages/LessonPlayer.tsx(158,15): error TS2322: Type '{ id: string; title: string; duration: string; type: "video" | "document" | "quiz"; completed: boolean; locked: boolean; youtubeId: string | null; }[]' is not assignable to type 'LessonWithYoutube[]'.
  Type '{ id: string; title: string; duration: string; type: "video" | "document" | "quiz"; completed: boolean; locked: boolean; youtubeId: string | null; }' is not assignable to type 'LessonWithYoutube'.
    Types of property 'youtubeId' are incompatible.
      Type 'string | null' is not assignable to type 'string | undefined'.
        Type 'null' is not assignable to type 'string | undefined'.
src/pages/LessonPlayer.tsx(341,46): error TS2322: Type '{}' is not assignable to type 'ReactNode'.
src/pages/MercadoPagoRedirect.tsx(1,8): error TS6133: 'React' is declared but its value is never read.
src/pages/UserProfile.tsx(35,22): error TS6133: 'setIsLoggedIn' is declared but its value is never read.
src/pages/UserProfile.tsx(36,42): error TS6133: 'coursesLoading' is declared but its value is never read.
src/pages/UserProfile.tsx(261,26): error TS2345: Argument of type '{}' is not assignable to parameter of type 'string'.
src/pages/UserProfile.tsx(300,50): error TS2339: Property 'split' does not exist on type '{}'.
src/pages/UserProfile.tsx(318,55): error TS2322: Type '{}' is not assignable to type 'ReactNode'.
src/pages/UserProfile.tsx(322,49): error TS2322: Type 'unknown' is not assignable to type 'ReactNode'.
src/pages/UserProfile.tsx(324,21): error TS2322: Type 'unknown' is not assignable to type 'ReactNode'.
src/pages/UserProfile.tsx(327,51): error TS2322: Type '{}' is not assignable to type 'ReactNode'.
src/pages/UserProfile.tsx(367,32): error TS2345: Argument of type '(course: FullCourse) => JSX.Element' is not assignable to parameter of type '(value: EnrollmentWithProgress, index: number, array: EnrollmentWithProgress[]) => Element'.
  Types of parameters 'course' and 'value' are incompatible.
    Type 'EnrollmentWithProgress' is missing the following properties from type 'FullCourse': duration, level, certified, students, and 4 more.
src/pages/UserProfile.tsx(384,49): error TS2339: Property 'currentLesson' does not exist on type 'FullCourse'.
src/pages/UserProfile.tsx(388,78): error TS2339: Property 'progress' does not exist on type 'FullCourse'.
src/pages/UserProfile.tsx(390,47): error TS2339: Property 'progress' does not exist on type 'FullCourse'.
src/pages/UserProfile.tsx(392,39): error TS2339: Property 'completedLessons' does not exist on type 'FullCourse'.
src/pages/UserProfile.tsx(392,68): error TS2339: Property 'totalLessons' does not exist on type 'FullCourse'.
src/pages/UserProfile.tsx(459,74): error TS2345: Argument of type '{}' is not assignable to parameter of type 'string'.
src/pages/UserProfile.tsx(476,72): error TS2345: Argument of type '{}' is not assignable to parameter of type 'string'.
src/pages/UserProfile.tsx(534,21): error TS2322: Type '{}' is not assignable to type 'string | number | readonly string[] | undefined'.
src/utils/debugSupabase.ts(2,17): error TS6133: 'info' is declared but its value is never read.
src/utils/issueCertificate.ts(3,10): error TS6133: 'debug' is declared but its value is never read.
